---
source: savvy-macro/src/lib.rs
expression: lines
---
- "#[allow(clippy::missing_safety_doc)]"
- "#[no_mangle]"
- "pub unsafe extern \"C\" fn savvy_foo__ffi() -> savvy::ffi::SEXP {"
- "    match savvy_foo_inner() {"
- "        Ok(_) => savvy::sexp::null::null(),"
- "        Err(e) => savvy::handle_error(e),"
- "    }"
- "}"
